'BayesCorrelated.finite_characterization' depends on axioms: [propext, sorryAx, Classical.choice, Quot.sound]
'BayesCorrelated.mixedBNE_induces_BCE' depends on axioms: [propext, sorryAx, Classical.choice, Quot.sound]
'BayesCorrelated.expansion_normalized' depends on axioms: [propext, sorryAx, Classical.choice, Quot.sound]
'BayesCorrelated.expansion_null_fiber' depends on axioms: [propext, sorryAx, Classical.choice, Quot.sound]
'BayesCorrelated.strategyProduct_isProbability' depends on axioms: [propext, sorryAx, Classical.choice, Quot.sound]
'BayesCorrelated.induces_iff_positive_support' depends on axioms: [propext, sorryAx, Classical.choice, Quot.sound]
'BayesCorrelated.onePlayer_obedienceGain' depends on axioms: [propext, sorryAx, Classical.choice, Quot.sound]
'BayesCorrelated.onePlayer_characterization' depends on axioms: [propext, sorryAx, Classical.choice, Quot.sound]
'BayesCorrelated.IsProbability' depends on axioms: [propext, Classical.choice, Quot.sound]
'BayesCorrelated.IsInformation' depends on axioms: [propext, Classical.choice, Quot.sound]
'BayesCorrelated.IsDecisionRule' depends on axioms: [propext, Classical.choice, Quot.sound]
'BayesCorrelated.obedienceGain' depends on axioms: [propext, Classical.choice, Quot.sound]
'BayesCorrelated.BCE' depends on axioms: [propext, Classical.choice, Quot.sound]
'BayesCorrelated.IsExpansion' depends on axioms: [propext, Classical.choice, Quot.sound]
'BayesCorrelated.IsStrategy' depends on axioms: [propext, Classical.choice, Quot.sound]
'BayesCorrelated.strategyProduct' depends on axioms: [propext, Classical.choice, Quot.sound]
'BayesCorrelated.Induces' depends on axioms: [propext, Classical.choice, Quot.sound]
'BayesCorrelated.bestResponseGain' depends on axioms: [propext, Classical.choice, Quot.sound]
'BayesCorrelated.MixedBNE' depends on axioms: [propext, Classical.choice, Quot.sound]
'BayesCorrelated.Implementable' depends on axioms: [propext, Classical.choice, Quot.sound]
