@BayesCorrelated.finite_characterization : ∀ {I : Type u_1} {Θ : Type u_2} {A : I → Type u_3} {T : I → Type u_4}
  [inst : Fintype I] [inst_1 : DecidableEq I] [inst_2 : Fintype Θ] [inst_3 : (i : I) → Fintype (A i)]
  [inst_4 : (i : I) → DecidableEq (A i)] [inst_5 : (i : I) → Fintype (T i)] [inst_6 : (i : I) → DecidableEq (T i)]
  (ψ : Θ → ℝ) (π : Θ → ((i : I) → T i) → ℝ) (u : I → ((i : I) → A i) → Θ → ℝ)
  (σ : Θ → ((i : I) → T i) → ((i : I) → A i) → ℝ),
  BayesCorrelated.IsProbability ψ →
    BayesCorrelated.IsInformation π →
      BayesCorrelated.IsDecisionRule σ → (BayesCorrelated.BCE ψ π u σ ↔ BayesCorrelated.Implementable ψ π u σ)
@BayesCorrelated.mixedBNE_induces_BCE : ∀ {I : Type u_1} {Θ : Type u_2} {A : I → Type u_3} {T : I → Type u_4}
  [inst : Fintype I] [inst_1 : DecidableEq I] [inst_2 : Fintype Θ] [inst_3 : (i : I) → Fintype (A i)]
  [inst_4 : (i : I) → DecidableEq (A i)] [inst_5 : (i : I) → Fintype (T i)] [inst_6 : (i : I) → DecidableEq (T i)]
  {E : I → Type u_5} [inst_7 : (i : I) → Fintype (E i)] [inst_8 : (i : I) → DecidableEq (E i)] (ψ : Θ → ℝ)
  (π : Θ → ((i : I) → T i) → ℝ) (u : I → ((i : I) → A i) → Θ → ℝ) (σ : Θ → ((i : I) → T i) → ((i : I) → A i) → ℝ)
  (q : Θ → ((i : I) → T i) → ((i : I) → E i) → ℝ) (β : (i : I) → T i → E i → A i → ℝ),
  BayesCorrelated.IsStrategy β →
    BayesCorrelated.MixedBNE ψ u q β → BayesCorrelated.Induces π σ q β → BayesCorrelated.BCE ψ π u σ
@BayesCorrelated.expansion_normalized : ∀ {I : Type u_1} {Θ : Type u_2} {T : I → Type u_3} [inst : Fintype I]
  [inst_1 : DecidableEq I] [Fintype Θ] [inst_3 : (i : I) → Fintype (T i)] [(i : I) → DecidableEq (T i)]
  {E : I → Type u_4} [inst_5 : (i : I) → Fintype (E i)] [(i : I) → DecidableEq (E i)] (π : Θ → ((i : I) → T i) → ℝ)
  (q : Θ → ((i : I) → T i) → ((i : I) → E i) → ℝ),
  BayesCorrelated.IsInformation π → BayesCorrelated.IsExpansion π q → ∀ (θ : Θ), ∑ t, ∑ e, q θ t e = 1
@BayesCorrelated.expansion_null_fiber : ∀ {I : Type u_1} {Θ : Type u_2} {T : I → Type u_3} [inst : Fintype I]
  [inst_1 : DecidableEq I] [Fintype Θ] [(i : I) → Fintype (T i)] [(i : I) → DecidableEq (T i)] {E : I → Type u_4}
  [inst_5 : (i : I) → Fintype (E i)] [(i : I) → DecidableEq (E i)] (π : Θ → ((i : I) → T i) → ℝ)
  (q : Θ → ((i : I) → T i) → ((i : I) → E i) → ℝ),
  BayesCorrelated.IsExpansion π q → ∀ (θ : Θ) (t : (i : I) → T i), π θ t = 0 → ∀ (e : (i : I) → E i), q θ t e = 0
@BayesCorrelated.strategyProduct_isProbability : ∀ {I : Type u_1} {A : I → Type u_2} {T : I → Type u_3}
  [inst : Fintype I] [inst_1 : DecidableEq I] [inst_2 : (i : I) → Fintype (A i)] [(i : I) → DecidableEq (A i)]
  [(i : I) → Fintype (T i)] [(i : I) → DecidableEq (T i)] {E : I → Type u_4} [(i : I) → Fintype (E i)]
  [(i : I) → DecidableEq (E i)] (β : (i : I) → T i → E i → A i → ℝ),
  BayesCorrelated.IsStrategy β →
    ∀ (t : (i : I) → T i) (e : (i : I) → E i), BayesCorrelated.IsProbability (BayesCorrelated.strategyProduct β t e)
@BayesCorrelated.induces_iff_positive_support : ∀ {I : Type u_1} {Θ : Type u_2} {A : I → Type u_3} {T : I → Type u_4}
  [inst : Fintype I] [inst_1 : DecidableEq I] [Fintype Θ] [(i : I) → Fintype (A i)] [(i : I) → DecidableEq (A i)]
  [inst_5 : (i : I) → Fintype (T i)] [(i : I) → DecidableEq (T i)] {E : I → Type u_5} [inst_7 : (i : I) → Fintype (E i)]
  [(i : I) → DecidableEq (E i)] (π : Θ → ((i : I) → T i) → ℝ) (σ : Θ → ((i : I) → T i) → ((i : I) → A i) → ℝ)
  (q : Θ → ((i : I) → T i) → ((i : I) → E i) → ℝ) (β : (i : I) → T i → E i → A i → ℝ),
  BayesCorrelated.IsInformation π →
    BayesCorrelated.IsExpansion π q →
      (BayesCorrelated.Induces π σ q β ↔
        ∀ (θ : Θ) (t : (i : I) → T i) (a : (i : I) → A i),
          0 < π θ t → (∑ e, q θ t e * BayesCorrelated.strategyProduct β t e a) / π θ t = σ θ t a)
@BayesCorrelated.onePlayer_obedienceGain : ∀ {Θ : Type u_1} {C : Type u_2} {S : Type u_3} [inst : Fintype Θ]
  [inst_1 : Fintype C] [inst_2 : DecidableEq C] [inst_3 : Fintype S] [inst_4 : DecidableEq S] (ψ : Θ → ℝ)
  (π : Θ → S → ℝ) (u : C → Θ → ℝ) (σ : Θ → S → C → ℝ) (s : S) (x y : C),
  BayesCorrelated.obedienceGain ψ (fun θ t => π θ (t ())) (fun x a θ => u (a ()) θ) (fun θ t a => σ θ (t ()) (a ())) ()
      s x y =
    ∑ θ, ψ θ * π θ s * σ θ s x * (u x θ - u y θ)
@BayesCorrelated.onePlayer_characterization : ∀ {Θ : Type u_1} {C : Type u_2} {S : Type u_3} [inst : Fintype Θ]
  [inst_1 : Fintype C] [inst_2 : DecidableEq C] [inst_3 : Fintype S] [inst_4 : DecidableEq S] (ψ : Θ → ℝ)
  (π : Θ → S → ℝ) (u : C → Θ → ℝ) (σ : Θ → S → C → ℝ),
  BayesCorrelated.IsProbability ψ →
    (∀ (θ : Θ), BayesCorrelated.IsProbability (π θ)) →
      (∀ (θ : Θ) (s : S), BayesCorrelated.IsProbability (σ θ s)) →
        ((∀ (s : S) (x y : C), 0 ≤ ∑ θ, ψ θ * π θ s * σ θ s x * (u x θ - u y θ)) ↔
          BayesCorrelated.Implementable ψ (fun θ t => π θ (t ())) (fun x a θ => u (a ()) θ) fun θ t a =>
            σ θ (t ()) (a ()))
@BayesCorrelated.IsProbability : {X : Type u_1} → [Fintype X] → (X → ℝ) → Prop
@BayesCorrelated.IsInformation : {I : Type u_1} →
  {Θ : Type u_2} →
    {T : I → Type u_3} → [Fintype I] → [DecidableEq I] → [(i : I) → Fintype (T i)] → (Θ → ((i : I) → T i) → ℝ) → Prop
@BayesCorrelated.IsDecisionRule : {I : Type u_1} →
  {Θ : Type u_2} →
    {A : I → Type u_3} →
      {T : I → Type u_4} →
        [Fintype I] → [DecidableEq I] → [(i : I) → Fintype (A i)] → (Θ → ((i : I) → T i) → ((i : I) → A i) → ℝ) → Prop
@BayesCorrelated.obedienceGain : {I : Type u_1} →
  {Θ : Type u_2} →
    {A : I → Type u_3} →
      {T : I → Type u_4} →
        [Fintype I] →
          [DecidableEq I] →
            [Fintype Θ] →
              [(i : I) → Fintype (A i)] →
                [(i : I) → DecidableEq (A i)] →
                  [(i : I) → Fintype (T i)] →
                    [(i : I) → DecidableEq (T i)] →
                      (Θ → ℝ) →
                        (Θ → ((i : I) → T i) → ℝ) →
                          (I → ((i : I) → A i) → Θ → ℝ) →
                            (Θ → ((i : I) → T i) → ((i : I) → A i) → ℝ) → (i : I) → T i → A i → A i → ℝ
@BayesCorrelated.BCE : {I : Type u_1} →
  {Θ : Type u_2} →
    {A : I → Type u_3} →
      {T : I → Type u_4} →
        [Fintype I] →
          [DecidableEq I] →
            [Fintype Θ] →
              [(i : I) → Fintype (A i)] →
                [(i : I) → DecidableEq (A i)] →
                  [(i : I) → Fintype (T i)] →
                    [(i : I) → DecidableEq (T i)] →
                      (Θ → ℝ) →
                        (Θ → ((i : I) → T i) → ℝ) →
                          (I → ((i : I) → A i) → Θ → ℝ) → (Θ → ((i : I) → T i) → ((i : I) → A i) → ℝ) → Prop
@BayesCorrelated.IsExpansion : {I : Type u_1} →
  {Θ : Type u_2} →
    {T : I → Type u_3} →
      [Fintype I] →
        [DecidableEq I] →
          {E : I → Type u_4} →
            [(i : I) → Fintype (E i)] → (Θ → ((i : I) → T i) → ℝ) → (Θ → ((i : I) → T i) → ((i : I) → E i) → ℝ) → Prop
@BayesCorrelated.IsStrategy : {I : Type u_1} →
  {A : I → Type u_2} →
    {T : I → Type u_3} → [(i : I) → Fintype (A i)] → {E : I → Type u_4} → ((i : I) → T i → E i → A i → ℝ) → Prop
@BayesCorrelated.strategyProduct : {I : Type u_1} →
  {A : I → Type u_2} →
    {T : I → Type u_3} →
      [Fintype I] →
        {E : I → Type u_4} → ((i : I) → T i → E i → A i → ℝ) → ((i : I) → T i) → ((i : I) → E i) → ((i : I) → A i) → ℝ
@BayesCorrelated.Induces : {I : Type u_1} →
  {Θ : Type u_2} →
    {A : I → Type u_3} →
      {T : I → Type u_4} →
        [Fintype I] →
          [DecidableEq I] →
            {E : I → Type u_5} →
              [(i : I) → Fintype (E i)] →
                (Θ → ((i : I) → T i) → ℝ) →
                  (Θ → ((i : I) → T i) → ((i : I) → A i) → ℝ) →
                    (Θ → ((i : I) → T i) → ((i : I) → E i) → ℝ) → ((i : I) → T i → E i → A i → ℝ) → Prop
@BayesCorrelated.bestResponseGain : {I : Type u_1} →
  {Θ : Type u_2} →
    {A : I → Type u_3} →
      {T : I → Type u_4} →
        [Fintype I] →
          [DecidableEq I] →
            [Fintype Θ] →
              [(i : I) → Fintype (A i)] →
                [(i : I) → DecidableEq (A i)] →
                  [(i : I) → Fintype (T i)] →
                    [(i : I) → DecidableEq (T i)] →
                      {E : I → Type u_5} →
                        [(i : I) → Fintype (E i)] →
                          [(i : I) → DecidableEq (E i)] →
                            (Θ → ℝ) →
                              (I → ((i : I) → A i) → Θ → ℝ) →
                                (Θ → ((i : I) → T i) → ((i : I) → E i) → ℝ) →
                                  ((i : I) → T i → E i → A i → ℝ) → (i : I) → T i → E i → A i → A i → ℝ
@BayesCorrelated.MixedBNE : {I : Type u_1} →
  {Θ : Type u_2} →
    {A : I → Type u_3} →
      {T : I → Type u_4} →
        [Fintype I] →
          [DecidableEq I] →
            [Fintype Θ] →
              [(i : I) → Fintype (A i)] →
                [(i : I) → DecidableEq (A i)] →
                  [(i : I) → Fintype (T i)] →
                    [(i : I) → DecidableEq (T i)] →
                      {E : I → Type u_5} →
                        [(i : I) → Fintype (E i)] →
                          [(i : I) → DecidableEq (E i)] →
                            (Θ → ℝ) →
                              (I → ((i : I) → A i) → Θ → ℝ) →
                                (Θ → ((i : I) → T i) → ((i : I) → E i) → ℝ) → ((i : I) → T i → E i → A i → ℝ) → Prop
@BayesCorrelated.Implementable : {I : Type u_1} →
  {Θ : Type u_2} →
    {A : I → Type u_3} →
      {T : I → Type u_4} →
        [Fintype I] →
          [DecidableEq I] →
            [Fintype Θ] →
              [(i : I) → Fintype (A i)] →
                [(i : I) → DecidableEq (A i)] →
                  [(i : I) → Fintype (T i)] →
                    [(i : I) → DecidableEq (T i)] →
                      (Θ → ℝ) →
                        (Θ → ((i : I) → T i) → ℝ) →
                          (I → ((i : I) → A i) → Θ → ℝ) → (Θ → ((i : I) → T i) → ((i : I) → A i) → ℝ) → Prop
