WARNING: Sandbox disabled, this run is not trustworthy.
Resolving dependencies
Building Challenge
⚠ [918/919] Replayed Challenge
warning: Challenge.lean:97:8: declaration uses `sorry`
warning: Challenge.lean:103:8: declaration uses `sorry`
warning: Challenge.lean:119:8: declaration uses `sorry`
warning: Challenge.lean:125:8: declaration uses `sorry`
warning: Challenge.lean:131:8: declaration uses `sorry`
warning: Challenge.lean:136:8: declaration uses `sorry`
warning: Challenge.lean:149:8: declaration uses `sorry`
warning: Challenge.lean:157:8: declaration uses `sorry`
Build completed successfully (919 jobs).
Exporting #[Quot, Quot.mk, Quot.lift, Quot.ind, BayesCorrelated.finite_characterization, BayesCorrelated.mixedBNE_induces_BCE, BayesCorrelated.expansion_normalized, BayesCorrelated.expansion_null_fiber, BayesCorrelated.strategyProduct_isProbability, BayesCorrelated.induces_iff_positive_support, BayesCorrelated.onePlayer_obedienceGain, BayesCorrelated.onePlayer_characterization, propext, Quot.sound, Classical.choice, Nat.add, Nat.sub, Nat.mul, Nat.pow, Nat.gcd, Nat.div, Nat.mod, Nat.beq, Nat.ble, Nat.land, Nat.lor, Nat.xor, Nat.shiftLeft, Nat.shiftRight, String.ofList, Char.ofNat, List, eagerReduce, Nat, String, String.mk, Char, optParam, autoParam, semiOutParam, outParam, BayesCorrelated.IsProbability, BayesCorrelated.IsInformation, BayesCorrelated.IsDecisionRule, BayesCorrelated.obedienceGain, BayesCorrelated.BCE, BayesCorrelated.IsExpansion, BayesCorrelated.IsStrategy, BayesCorrelated.strategyProduct, BayesCorrelated.Induces, BayesCorrelated.bestResponseGain, BayesCorrelated.MixedBNE, BayesCorrelated.Implementable] from Challenge
Building Solution
⚠ [981/1008] Replayed BCE.Implementation
warning: BCE/Implementation.lean:123:0: automatically included section variable(s) unused in theorem `BayesCorrelated.Implementation.recommendation_induces`:
  [(i : I) → Fintype (T i)]
  [(i : I) → DecidableEq (T i)]
consider restructuring your `variable` declarations so that the variables are not in scope or explicitly omit them:
  omit [(i : I) → Fintype (T i)] [(i : I) → DecidableEq (T i)] in theorem ...

Note: This linter can be disabled with `set_option linter.unusedSectionVars false`
⚠ [988/1008] Replayed BCE.Support
warning: BCE/Support.lean:16:0: automatically included section variable(s) unused in theorem `BayesCorrelated.Implementation.expansion_normalized`:
  [Fintype Θ]
  [(i : I) → DecidableEq (T i)]
  [(i : I) → DecidableEq (E i)]
consider restructuring your `variable` declarations so that the variables are not in scope or explicitly omit them:
  omit [Fintype Θ] [(i : I) → DecidableEq (T i)] [(i : I) → DecidableEq (E i)] in theorem ...

Note: This linter can be disabled with `set_option linter.unusedSectionVars false`
warning: BCE/Support.lean:24:0: automatically included section variable(s) unused in theorem `BayesCorrelated.Implementation.expansion_null_fiber`:
  [Fintype Θ]
  [(i : I) → Fintype (T i)]
  [(i : I) → DecidableEq (T i)]
  [(i : I) → DecidableEq (E i)]
consider restructuring your `variable` declarations so that the variables are not in scope or explicitly omit them:
  omit [Fintype Θ] [(i : I) → Fintype (T i)] [(i : I) → DecidableEq (T i)] [(i : I) → DecidableEq (E i)] in theorem ...

Note: This linter can be disabled with `set_option linter.unusedSectionVars false`
warning: BCE/Support.lean:32:0: automatically included section variable(s) unused in theorem `BayesCorrelated.Implementation.strategyProduct_isProbability`:
  [(i : I) → DecidableEq (A i)]
  [(i : I) → Fintype (T i)]
  [(i : I) → DecidableEq (T i)]
  [(i : I) → Fintype (E i)]
  [(i : I) → DecidableEq (E i)]
consider restructuring your `variable` declarations so that the variables are not in scope or explicitly omit them:
  omit [(i : I) →
  DecidableEq
    (A
      i)] [(i : I) →
  Fintype (T i)] [(i : I) → DecidableEq (T i)] [(i : I) → Fintype (E i)] [(i : I) → DecidableEq (E i)] in theorem ...

Note: This linter can be disabled with `set_option linter.unusedSectionVars false`
warning: BCE/Support.lean:43:0: automatically included section variable(s) unused in theorem `BayesCorrelated.Implementation.induces_iff_positive_support`:
  [(i : I) → Fintype (A i)]
  [(i : I) → DecidableEq (A i)]
consider restructuring your `variable` declarations so that the variables are not in scope or explicitly omit them:
  omit [(i : I) → Fintype (A i)] [(i : I) → DecidableEq (A i)] in theorem ...

Note: This linter can be disabled with `set_option linter.unusedSectionVars false`
Build completed successfully (1008 jobs).
Exporting #[Quot, Quot.mk, Quot.lift, Quot.ind, BayesCorrelated.finite_characterization, BayesCorrelated.mixedBNE_induces_BCE, BayesCorrelated.expansion_normalized, BayesCorrelated.expansion_null_fiber, BayesCorrelated.strategyProduct_isProbability, BayesCorrelated.induces_iff_positive_support, BayesCorrelated.onePlayer_obedienceGain, BayesCorrelated.onePlayer_characterization, propext, Quot.sound, Classical.choice, Nat.add, Nat.sub, Nat.mul, Nat.pow, Nat.gcd, Nat.div, Nat.mod, Nat.beq, Nat.ble, Nat.land, Nat.lor, Nat.xor, Nat.shiftLeft, Nat.shiftRight, String.ofList, Char.ofNat, List, eagerReduce, Nat, String, String.mk, Char, optParam, autoParam, semiOutParam, outParam, BayesCorrelated.IsProbability, BayesCorrelated.IsInformation, BayesCorrelated.IsDecisionRule, BayesCorrelated.obedienceGain, BayesCorrelated.BCE, BayesCorrelated.IsExpansion, BayesCorrelated.IsStrategy, BayesCorrelated.strategyProduct, BayesCorrelated.Induces, BayesCorrelated.bestResponseGain, BayesCorrelated.MixedBNE, BayesCorrelated.Implementable] from Solution
Running con-ron kernel on solution
con-ron: 1 inductive blocks modelled in-process: Lean.Syntax (30 generated records, checked by the fold as declarations and not counted as records of the file)
con-ron: 2 declarations hoisted ahead of the pinned Nat operations they ground: Nat.mul._f, Nat.mul
con-ron: accepted 8399 declarations (--verified)
con-ron kernel accepts the solution
Running nanoda kernel on solution
nanoda kernel accepts the solution
Running Lean default kernel on solution
Lean default kernel accepts the solution
Your solution is okay!
