⚠ [981/1011] Replayed BCE.Implementation
warning: BCE/Implementation.lean:123:0: automatically included section variable(s) unused in theorem `BayesCorrelated.Implementation.recommendation_induces`:
  [(i : I) → Fintype (T i)]
  [(i : I) → DecidableEq (T i)]
consider restructuring your `variable` declarations so that the variables are not in scope or explicitly omit them:
  omit [(i : I) → Fintype (T i)] [(i : I) → DecidableEq (T i)] in theorem ...

Note: This linter can be disabled with `set_option linter.unusedSectionVars false`
⚠ [988/1011] Replayed BCE.Support
warning: BCE/Support.lean:16:0: automatically included section variable(s) unused in theorem `BayesCorrelated.Implementation.expansion_normalized`:
  [Fintype Θ]
  [(i : I) → DecidableEq (T i)]
  [(i : I) → DecidableEq (E i)]
consider restructuring your `variable` declarations so that the variables are not in scope or explicitly omit them:
  omit [Fintype Θ] [(i : I) → DecidableEq (T i)] [(i : I) → DecidableEq (E i)] in theorem ...

Note: This linter can be disabled with `set_option linter.unusedSectionVars false`
warning: BCE/Support.lean:24:0: automatically included section variable(s) unused in theorem `BayesCorrelated.Implementation.expansion_null_fiber`:
  [Fintype Θ]
  [(i : I) → Fintype (T i)]
  [(i : I) → DecidableEq (T i)]
  [(i : I) → DecidableEq (E i)]
consider restructuring your `variable` declarations so that the variables are not in scope or explicitly omit them:
  omit [Fintype Θ] [(i : I) → Fintype (T i)] [(i : I) → DecidableEq (T i)] [(i : I) → DecidableEq (E i)] in theorem ...

Note: This linter can be disabled with `set_option linter.unusedSectionVars false`
warning: BCE/Support.lean:32:0: automatically included section variable(s) unused in theorem `BayesCorrelated.Implementation.strategyProduct_isProbability`:
  [(i : I) → DecidableEq (A i)]
  [(i : I) → Fintype (T i)]
  [(i : I) → DecidableEq (T i)]
  [(i : I) → Fintype (E i)]
  [(i : I) → DecidableEq (E i)]
consider restructuring your `variable` declarations so that the variables are not in scope or explicitly omit them:
  omit [(i : I) →
  DecidableEq
    (A
      i)] [(i : I) →
  Fintype (T i)] [(i : I) → DecidableEq (T i)] [(i : I) → Fintype (E i)] [(i : I) → DecidableEq (E i)] in theorem ...

Note: This linter can be disabled with `set_option linter.unusedSectionVars false`
warning: BCE/Support.lean:43:0: automatically included section variable(s) unused in theorem `BayesCorrelated.Implementation.induces_iff_positive_support`:
  [(i : I) → Fintype (A i)]
  [(i : I) → DecidableEq (A i)]
consider restructuring your `variable` declarations so that the variables are not in scope or explicitly omit them:
  omit [(i : I) → Fintype (A i)] [(i : I) → DecidableEq (A i)] in theorem ...

Note: This linter can be disabled with `set_option linter.unusedSectionVars false`
⚠ [1008/1011] Replayed Challenge
warning: Challenge.lean:97:8: declaration uses `sorry`
warning: Challenge.lean:103:8: declaration uses `sorry`
warning: Challenge.lean:119:8: declaration uses `sorry`
warning: Challenge.lean:125:8: declaration uses `sorry`
warning: Challenge.lean:131:8: declaration uses `sorry`
warning: Challenge.lean:136:8: declaration uses `sorry`
warning: Challenge.lean:149:8: declaration uses `sorry`
warning: Challenge.lean:157:8: declaration uses `sorry`
Build completed successfully (1011 jobs).
