⚠ [104/184] Replayed Verso.Parser
warning: src/verso/Verso/Parser.lean:243:42: Tactic `constructor` applied constructor `List.Mem.head`, but `List.Mem.tail` also matches the goal.

Hint: Use `constructor!` to apply the first matching constructor without this warning:
  [apply] constructor!
warning: src/verso/Verso/Parser.lean:243:42: Tactic `constructor` applied constructor `List.Mem.head`, but `List.Mem.tail` also matches the goal.

Hint: Use `constructor!` to apply the first matching constructor without this warning:
  [apply] constructor!
warning: src/verso/Verso/Parser.lean:258:42: Tactic `constructor` applied constructor `List.Mem.head`, but `List.Mem.tail` also matches the goal.

Hint: Use `constructor!` to apply the first matching constructor without this warning:
  [apply] constructor!
warning: src/verso/Verso/Parser.lean:258:42: Tactic `constructor` applied constructor `List.Mem.head`, but `List.Mem.tail` also matches the goal.

Hint: Use `constructor!` to apply the first matching constructor without this warning:
  [apply] constructor!
warning: src/verso/Verso/Parser.lean:258:42: Tactic `constructor` applied constructor `List.Mem.head`, but `List.Mem.tail` also matches the goal.

Hint: Use `constructor!` to apply the first matching constructor without this warning:
  [apply] constructor!
⚠ [310/430] Replayed VersoLiterateMain
warning: src/verso-literate/VersoLiterateMain.lean:15:0: 'Lean.Server.InfoUtils' has been deprecated: please replace this import by

import Lean.Elab.InfoTree.Util
⚠ [1231/1233] Built Challenge (5.4s)
warning: Challenge.lean:98:8: declaration uses `sorry`
warning: Challenge.lean:104:8: declaration uses `sorry`
warning: Challenge.lean:120:8: declaration uses `sorry`
warning: Challenge.lean:126:8: declaration uses `sorry`
warning: Challenge.lean:132:8: declaration uses `sorry`
warning: Challenge.lean:137:8: declaration uses `sorry`
warning: Challenge.lean:150:8: declaration uses `sorry`
warning: Challenge.lean:158:8: declaration uses `sorry`
warning: Challenge.lean:240:8: declaration uses `sorry`
warning: Challenge.lean:256:8: declaration uses `sorry`
warning: Challenge.lean:274:8: declaration uses `sorry`
warning: Challenge.lean:287:8: declaration uses `sorry`
warning: Challenge.lean:298:8: declaration uses `sorry`
✔ [1232/1233] Built PalomarChallengeRender/Challenge:literate (12s)
Build completed successfully (1233 jobs).
